/home/mpdeimos/cqse/svn/conqat-prop/engine/com.munichre.conqat.engine/test-data/head.zip!SystemtestSolution/ILAnalyzer/Properties/AssemblyInfo.cs
/home/mpdeimos/cqse/svn/conqat-prop/engine/com.munichre.conqat.engine/test-data/head.zip!SystemtestSolution/ILAnalyzer/XmlOutputWriter.cs
/home/mpdeimos/cqse/svn/conqat-prop/engine/com.munichre.conqat.engine/test-data/head.zip!SystemtestSolution/ILAnalyzer/StringFormatter.cs
/home/mpdeimos/cqse/svn/conqat-prop/engine/com.munichre.conqat.engine/test-data/head.zip!SystemtestSolution/GUI/Program.cs
/home/mpdeimos/cqse/svn/conqat-prop/engine/com.munichre.conqat.engine/test-data/head.zip!SystemtestSolution/GUI/Properties/Settings.Designer.cs
/home/mpdeimos/cqse/svn/conqat-prop/engine/com.munichre.conqat.engine/test-data/head.zip!SystemtestSolution/UnitTests/UnitTest1.cs
/home/mpdeimos/cqse/svn/conqat-prop/engine/com.munichre.conqat.engine/test-data/head.zip!SystemtestSolution/ILAnalyzer/MemberDependencyCollection.cs
/home/mpdeimos/cqse/svn/conqat-prop/engine/com.munichre.conqat.engine/test-data/head.zip!SystemtestSolution/ILAnalyzer/DeclarationType.cs
/home/mpdeimos/cqse/svn/conqat-prop/engine/com.munichre.conqat.engine/test-data/head.zip!SystemtestSolution/GUI/Properties/AssemblyInfo.cs
/home/mpdeimos/cqse/svn/conqat-prop/engine/com.munichre.conqat.engine/test-data/head.zip!SystemtestSolution/ILAnalyzer/Formatter.cs
/home/mpdeimos/cqse/svn/conqat-prop/engine/com.munichre.conqat.engine/test-data/head.zip!SystemtestSolution/ILAnalyzer/Compression.cs
/home/mpdeimos/cqse/svn/conqat-prop/engine/com.munichre.conqat.engine/test-data/head.zip!SystemtestSolution/GUI/Form1.cs
/home/mpdeimos/cqse/svn/conqat-prop/engine/com.munichre.conqat.engine/test-data/head.zip!SystemtestSolution/ILAnalyzer/DependencyInformation.cs
/home/mpdeimos/cqse/svn/conqat-prop/engine/com.munichre.conqat.engine/test-data/head.zip!SystemtestSolution/ILAnalyzer/MemberType.cs
/home/mpdeimos/cqse/svn/conqat-prop/engine/com.munichre.conqat.engine/test-data/head.zip!SystemtestSolution/ILAnalyzer/DependencyFilter.cs
/home/mpdeimos/cqse/svn/conqat-prop/engine/com.munichre.conqat.engine/test-data/head.zip!SystemtestSolution/ILAnalyzer/TypeDependencyCollection.cs
/home/mpdeimos/cqse/svn/conqat-prop/engine/com.munichre.conqat.engine/test-data/head.zip!SystemtestSolution/GUI/Properties/Resources.Designer.cs
/home/mpdeimos/cqse/svn/conqat-prop/engine/com.munichre.conqat.engine/test-data/head.zip!SystemtestSolution/UnitTests/Properties/AssemblyInfo.cs
/home/mpdeimos/cqse/svn/conqat-prop/engine/com.munichre.conqat.engine/test-data/head.zip!SystemtestSolution/ILAnalyzer/DependencyCollection.cs
/home/mpdeimos/cqse/svn/conqat-prop/engine/com.munichre.conqat.engine/test-data/head.zip!SystemtestSolution/UnitTests/UnitTest2.cs
/home/mpdeimos/cqse/svn/conqat-prop/engine/com.munichre.conqat.engine/test-data/head.zip!SystemtestSolution/GUI/Form1.Designer.cs
/home/mpdeimos/cqse/svn/conqat-prop/engine/com.munichre.conqat.engine/test-data/head.zip!SystemtestSolution/ILAnalyzer/ILAnalyzer.cs
/home/mpdeimos/cqse/svn/conqat-prop/engine/com.munichre.conqat.engine/test-data/head.zip!SystemtestSolution/ILAnalyzer/SourceFile.cs
/home/mpdeimos/cqse/svn/conqat-prop/engine/com.munichre.conqat.engine/test-data/head.zip!SystemtestSolution/ILAnalyzer/DependencyCollectionClone.cs